{
    "tractogram - resample - centroids": {
        "content": [
            {
                "0": [
                    [
                        {
                            "id": "test",
                            "single_end": false
                        },
                        "test_IFGWM_uni_c_10_resampled.trk:md5,5a4c819b4aa7ea048a4b89973ede812c"
                    ]
                ],
                "1": [
                    "versions.yml:md5,f593a3a81a06f02aaa1ba17ba0baccfd"
                ],
                "tractograms": [
                    [
                        {
                            "id": "test",
                            "single_end": false
                        },
                        "test_IFGWM_uni_c_10_resampled.trk:md5,5a4c819b4aa7ea048a4b89973ede812c"
                    ]
                ],
                "versions": [
                    "versions.yml:md5,f593a3a81a06f02aaa1ba17ba0baccfd"
                ]
            }
        ],
        "meta": {
            "nf-test": "0.8.4",
            "nextflow": "24.04.1"
        },
        "timestamp": "2024-05-22T11:23:01.440528"
    },
    "tractogram - resample - tractogram": {
        "content": [
            {
                "0": [
                    [
                        {
                            "id": "test",
                            "single_end": false
                        },
                        [
                            "test_IFGWM_color_resampled.trk:md5,65c7b9fc087c2289d928196244e2a16c",
                            "test_IFGWM_resampled.trk:md5,65c7b9fc087c2289d928196244e2a16c"
                        ]
                    ]
                ],
                "1": [
                    "versions.yml:md5,f593a3a81a06f02aaa1ba17ba0baccfd"
                ],
                "tractograms": [
                    [
                        {
                            "id": "test",
                            "single_end": false
                        },
                        [
                            "test_IFGWM_color_resampled.trk:md5,65c7b9fc087c2289d928196244e2a16c",
                            "test_IFGWM_resampled.trk:md5,65c7b9fc087c2289d928196244e2a16c"
                        ]
                    ]
                ],
                "versions": [
                    "versions.yml:md5,f593a3a81a06f02aaa1ba17ba0baccfd"
                ]
            }
        ],
        "meta": {
            "nf-test": "0.8.4",
            "nextflow": "24.04.1"
        },
        "timestamp": "2024-05-22T11:05:08.020285"
    }
}