{
    "reconst - noddi - extract_metrics": {
        "content": [
            [
                "versions.yml:md5,7d60348ede01d2f9bd3a2fe9da61741d"
            ],
            145
        ],
        "meta": {
            "nf-test": "0.8.4",
            "nextflow": "23.10.1"
        },
        "timestamp": "2024-05-21T17:05:10.907308"
    },
    "reconst - noddi - save_kernels - no mask": {
        "content": [
            [
                "versions.yml:md5,7d60348ede01d2f9bd3a2fe9da61741d"
            ],
            145
        ],
        "meta": {
            "nf-test": "0.8.4",
            "nextflow": "23.10.1"
        },
        "timestamp": "2024-05-21T17:04:36.944861"
    }
}