{
    "segmentation - fastsurfer": {
        "content": [
            "test_fastsurfer"
        ],
        "meta": {
            "nf-test": "0.9.0-rc1",
            "nextflow": "24.04.4"
        },
        "timestamp": "2024-09-04T22:07:50.070648"
    }
}